../drivers/Src/stm32f407xx_spi.c:31:6:SPI_PeriClockControl	16	static
../drivers/Src/stm32f407xx_spi.c:79:6:SPI_Init	24	static
../drivers/Src/stm32f407xx_spi.c:133:6:SPI_DeInit	16	static
../drivers/Src/stm32f407xx_spi.c:163:9:SPI_GetFlagStatus	16	static
../drivers/Src/stm32f407xx_spi.c:187:6:SPI_SendData	24	static
../drivers/Src/stm32f407xx_spi.c:224:6:SPI_ReceiveData	24	static
../drivers/Src/stm32f407xx_spi.c:259:9:SPI_SendDataIT	24	static
../drivers/Src/stm32f407xx_spi.c:288:9:SPI_ReceiveDataIT	24	static
../drivers/Src/stm32f407xx_spi.c:316:6:SPI_PeripheralControl	16	static
../drivers/Src/stm32f407xx_spi.c:341:6:SPI_SSIConfig	16	static
../drivers/Src/stm32f407xx_spi.c:366:6:SPI_SSOEConfig	16	static
../drivers/Src/stm32f407xx_spi.c:391:6:SPI_IRQInterruptConfig	16	static
../drivers/Src/stm32f407xx_spi.c:438:6:SPI_IRQPriorityConfig	24	static
../drivers/Src/stm32f407xx_spi.c:458:6:SPI_IRQHandling	24	static
../drivers/Src/stm32f407xx_spi.c:499:13:SPI_Txe_Interrupt_Handle	16	static
../drivers/Src/stm32f407xx_spi.c:544:13:SPI_Rxne_Interrupt_Handle	16	static
../drivers/Src/stm32f407xx_spi.c:589:13:SPI_Ovr_Interrupt_Handle	24	static
../drivers/Src/stm32f407xx_spi.c:614:13:SPI_ApplicationEventCallback	16	static
