Archive member included to satisfy reference by file (symbol)

C:/ST/STM32CubeIDE_1.14.1/STM32CubeIDE/plugins/com.st.stm32cube.ide.mcu.externaltools.gnu-tools-for-stm32.11.3.rel1.win32_1.1.100.202309141235/tools/bin/../lib/gcc/arm-none-eabi/11.3.1/../../../../arm-none-eabi/lib/thumb/v7e-m+fp/hard\libc_nano.a(libc_a-exit.o)
                              C:/ST/STM32CubeIDE_1.14.1/STM32CubeIDE/plugins/com.st.stm32cube.ide.mcu.externaltools.gnu-tools-for-stm32.11.3.rel1.win32_1.1.100.202309141235/tools/bin/../lib/gcc/arm-none-eabi/11.3.1/../../../../arm-none-eabi/lib/thumb/v7e-m+fp/hard/crt0.o (exit)
C:/ST/STM32CubeIDE_1.14.1/STM32CubeIDE/plugins/com.st.stm32cube.ide.mcu.externaltools.gnu-tools-for-stm32.11.3.rel1.win32_1.1.100.202309141235/tools/bin/../lib/gcc/arm-none-eabi/11.3.1/../../../../arm-none-eabi/lib/thumb/v7e-m+fp/hard\libc_nano.a(libc_a-findfp.o)
                              C:/ST/STM32CubeIDE_1.14.1/STM32CubeIDE/plugins/com.st.stm32cube.ide.mcu.externaltools.gnu-tools-for-stm32.11.3.rel1.win32_1.1.100.202309141235/tools/bin/../lib/gcc/arm-none-eabi/11.3.1/../../../../arm-none-eabi/lib/thumb/v7e-m+fp/hard\libc_nano.a(libc_a-exit.o) (__stdio_exit_handler)
C:/ST/STM32CubeIDE_1.14.1/STM32CubeIDE/plugins/com.st.stm32cube.ide.mcu.externaltools.gnu-tools-for-stm32.11.3.rel1.win32_1.1.100.202309141235/tools/bin/../lib/gcc/arm-none-eabi/11.3.1/../../../../arm-none-eabi/lib/thumb/v7e-m+fp/hard\libc_nano.a(libc_a-fwalk.o)
                              C:/ST/STM32CubeIDE_1.14.1/STM32CubeIDE/plugins/com.st.stm32cube.ide.mcu.externaltools.gnu-tools-for-stm32.11.3.rel1.win32_1.1.100.202309141235/tools/bin/../lib/gcc/arm-none-eabi/11.3.1/../../../../arm-none-eabi/lib/thumb/v7e-m+fp/hard\libc_nano.a(libc_a-findfp.o) (_fwalk_sglue)
C:/ST/STM32CubeIDE_1.14.1/STM32CubeIDE/plugins/com.st.stm32cube.ide.mcu.externaltools.gnu-tools-for-stm32.11.3.rel1.win32_1.1.100.202309141235/tools/bin/../lib/gcc/arm-none-eabi/11.3.1/../../../../arm-none-eabi/lib/thumb/v7e-m+fp/hard\libc_nano.a(libc_a-stdio.o)
                              C:/ST/STM32CubeIDE_1.14.1/STM32CubeIDE/plugins/com.st.stm32cube.ide.mcu.externaltools.gnu-tools-for-stm32.11.3.rel1.win32_1.1.100.202309141235/tools/bin/../lib/gcc/arm-none-eabi/11.3.1/../../../../arm-none-eabi/lib/thumb/v7e-m+fp/hard\libc_nano.a(libc_a-findfp.o) (__sread)
C:/ST/STM32CubeIDE_1.14.1/STM32CubeIDE/plugins/com.st.stm32cube.ide.mcu.externaltools.gnu-tools-for-stm32.11.3.rel1.win32_1.1.100.202309141235/tools/bin/../lib/gcc/arm-none-eabi/11.3.1/../../../../arm-none-eabi/lib/thumb/v7e-m+fp/hard\libc_nano.a(libc_a-memset.o)
                              C:/ST/STM32CubeIDE_1.14.1/STM32CubeIDE/plugins/com.st.stm32cube.ide.mcu.externaltools.gnu-tools-for-stm32.11.3.rel1.win32_1.1.100.202309141235/tools/bin/../lib/gcc/arm-none-eabi/11.3.1/../../../../arm-none-eabi/lib/thumb/v7e-m+fp/hard/crt0.o (memset)
C:/ST/STM32CubeIDE_1.14.1/STM32CubeIDE/plugins/com.st.stm32cube.ide.mcu.externaltools.gnu-tools-for-stm32.11.3.rel1.win32_1.1.100.202309141235/tools/bin/../lib/gcc/arm-none-eabi/11.3.1/../../../../arm-none-eabi/lib/thumb/v7e-m+fp/hard\libc_nano.a(libc_a-closer.o)
                              C:/ST/STM32CubeIDE_1.14.1/STM32CubeIDE/plugins/com.st.stm32cube.ide.mcu.externaltools.gnu-tools-for-stm32.11.3.rel1.win32_1.1.100.202309141235/tools/bin/../lib/gcc/arm-none-eabi/11.3.1/../../../../arm-none-eabi/lib/thumb/v7e-m+fp/hard\libc_nano.a(libc_a-stdio.o) (_close_r)
C:/ST/STM32CubeIDE_1.14.1/STM32CubeIDE/plugins/com.st.stm32cube.ide.mcu.externaltools.gnu-tools-for-stm32.11.3.rel1.win32_1.1.100.202309141235/tools/bin/../lib/gcc/arm-none-eabi/11.3.1/../../../../arm-none-eabi/lib/thumb/v7e-m+fp/hard\libc_nano.a(libc_a-reent.o)
                              C:/ST/STM32CubeIDE_1.14.1/STM32CubeIDE/plugins/com.st.stm32cube.ide.mcu.externaltools.gnu-tools-for-stm32.11.3.rel1.win32_1.1.100.202309141235/tools/bin/../lib/gcc/arm-none-eabi/11.3.1/../../../../arm-none-eabi/lib/thumb/v7e-m+fp/hard\libc_nano.a(libc_a-closer.o) (errno)
C:/ST/STM32CubeIDE_1.14.1/STM32CubeIDE/plugins/com.st.stm32cube.ide.mcu.externaltools.gnu-tools-for-stm32.11.3.rel1.win32_1.1.100.202309141235/tools/bin/../lib/gcc/arm-none-eabi/11.3.1/../../../../arm-none-eabi/lib/thumb/v7e-m+fp/hard\libc_nano.a(libc_a-impure.o)
                              C:/ST/STM32CubeIDE_1.14.1/STM32CubeIDE/plugins/com.st.stm32cube.ide.mcu.externaltools.gnu-tools-for-stm32.11.3.rel1.win32_1.1.100.202309141235/tools/bin/../lib/gcc/arm-none-eabi/11.3.1/../../../../arm-none-eabi/lib/thumb/v7e-m+fp/hard\libc_nano.a(libc_a-reent.o) (_impure_ptr)
C:/ST/STM32CubeIDE_1.14.1/STM32CubeIDE/plugins/com.st.stm32cube.ide.mcu.externaltools.gnu-tools-for-stm32.11.3.rel1.win32_1.1.100.202309141235/tools/bin/../lib/gcc/arm-none-eabi/11.3.1/../../../../arm-none-eabi/lib/thumb/v7e-m+fp/hard\libc_nano.a(libc_a-lseekr.o)
[...]
Memory Configuration

Name             Origin             Length             Attributes
CCMRAM           0x0000000010000000 0x0000000000010000 xrw
RAM              0x0000000020000000 0x0000000000020000 xrw
FLASH            0x0000000008000000 0x0000000000100000 xr
*default*        0x0000000000000000 0xffffffffffffffff

Linker script and memory map

LOAD C:/ST/STM32CubeIDE_1.14.1/STM32CubeIDE/plugins/com.st.stm32cube.ide.mcu.externaltools.gnu-tools-for-stm32.11.3.rel1.win32_1.1.100.202309141235/tools/bin/../lib/gcc/arm-none-eabi/11.3.1/thumb/v7e-m+fp/hard/crti.o
LOAD C:/ST/STM32CubeIDE_1.14.1/STM32CubeIDE/plugins/com.st.stm32cube.ide.mcu.externaltools.gnu-tools-for-stm32.11.3.rel1.win32_1.1.100.202309141235/tools/bin/../lib/gcc/arm-none-eabi/11.3.1/thumb/v7e-m+fp/hard/crtbegin.o
LOAD C:/ST/STM32CubeIDE_1.14.1/STM32CubeIDE/plugins/com.st.stm32cube.ide.mcu.externaltools.gnu-tools-for-stm32.11.3.rel1.win32_1.1.100.202309141235/tools/bin/../lib/gcc/arm-none-eabi/11.3.1/../../../../arm-none-eabi/lib/thumb/v7e-m+fp/hard/crt0.o
LOAD ./Src/006_uart_tx.o
LOAD ./Src/syscalls.o
LOAD ./Src/sysmem.o
LOAD ./Startup/startup_stm32f407vgtx.o
LOAD ./drivers/Src/stm32f407xx_gpio.o
LOAD ./drivers/Src/stm32f407xx_i2c.o
LOAD ./drivers/Src/stm32f407xx_rcc.o
LOAD ./drivers/Src/stm32f407xx_spi.o
LOAD ./drivers/Src/stm32f407xx_usart.o
START GROUP
LOAD C:/ST/STM32CubeIDE_1.14.1/STM32CubeIDE/plugins/com.st.stm32cube.ide.mcu.externaltools.gnu-tools-for-stm32.11.3.rel1.win32_1.1.100.202309141235/tools/bin/../lib/gcc/arm-none-eabi/11.3.1/../../../../arm-none-eabi/lib/thumb/v7e-m+fp/hard\libc_nano.a
LOAD C:/ST/STM32CubeIDE_1.14.1/STM32CubeIDE/plugins/com.st.stm32cube.ide.mcu.externaltools.gnu-tools-for-stm32.11.3.rel1.win32_1.1.100.202309141235/tools/bin/../lib/gcc/arm-none-eabi/11.3.1/../../../../arm-none-eabi/lib/thumb/v7e-m+fp/hard\libm.a
END GROUP
START GROUP
LOAD C:/ST/STM32CubeIDE_1.14.1/STM32CubeIDE/plugins/com.st.stm32cube.ide.mcu.externaltools.gnu-tools-for-stm32.11.3.rel1.win32_1.1.100.202309141235/tools/bin/../lib/gcc/arm-none-eabi/11.3.1/thumb/v7e-m+fp/hard\libgcc.a
LOAD C:/ST/STM32CubeIDE_1.14.1/STM32CubeIDE/plugins/com.st.stm32cube.ide.mcu.externaltools.gnu-tools-for-stm32.11.3.rel1.win32_1.1.100.202309141235/tools/bin/../lib/gcc/arm-none-eabi/11.3.1/../../../../arm-none-eabi/lib/thumb/v7e-m+fp/hard\libc_nano.a
END GROUP
START GROUP
LOAD C:/ST/STM32CubeIDE_1.14.1/STM32CubeIDE/plugins/com.st.stm32cube.ide.mcu.externaltools.gnu-tools-for-stm32.11.3.rel1.win32_1.1.100.202309141235/tools/bin/../lib/gcc/arm-none-eabi/11.3.1/thumb/v7e-m+fp/hard\libgcc.a
LOAD C:/ST/STM32CubeIDE_1.14.1/STM32CubeIDE/plugins/com.st.stm32cube.ide.mcu.externaltools.gnu-tools-for-stm32.11.3.rel1.win32_1.1.100.202309141235/tools/bin/../lib/gcc/arm-none-eabi/11.3.1/../../../../arm-none-eabi/lib/thumb/v7e-m+fp/hard\libc_nano.a
LOAD C:/ST/STM32CubeIDE_1.14.1/STM32CubeIDE/plugins/com.st.stm32cube.ide.mcu.externaltools.gnu-tools-for-stm32.11.3.rel1.win32_1.1.100.202309141235/tools/bin/../lib/gcc/arm-none-eabi/11.3.1/../../../../arm-none-eabi/lib/thumb/v7e-m+fp/hard\libnosys.a
END GROUP
START GROUP
LOAD C:/ST/STM32CubeIDE_1.14.1/STM32CubeIDE/plugins/com.st.stm32cube.ide.mcu.externaltools.gnu-tools-for-stm32.11.3.rel1.win32_1.1.100.202309141235/tools/bin/../lib/gcc/arm-none-eabi/11.3.1/thumb/v7e-m+fp/hard\libgcc.a
LOAD C:/ST/STM32CubeIDE_1.14.1/STM32CubeIDE/plugins/com.st.stm32cube.ide.mcu.externaltools.gnu-tools-for-stm32.11.3.rel1.win32_1.1.100.202309141235/tools/bin/../lib/gcc/arm-none-eabi/11.3.1/../../../../arm-none-eabi/lib/thumb/v7e-m+fp/hard\libc_nano.a
LOAD C:/ST/STM32CubeIDE_1.14.1/STM32CubeIDE/plugins/com.st.stm32cube.ide.mcu.externaltools.gnu-tools-for-stm32.11.3.rel1.win32_1.1.100.202309141235/tools/bin/../lib/gcc/arm-none-eabi/11.3.1/../../../../arm-none-eabi/lib/thumb/v7e-m+fp/hard\libnosys.a
END GROUP
LOAD C:/ST/STM32CubeIDE_1.14.1/STM32CubeIDE/plugins/com.st.stm32cube.ide.mcu.externaltools.gnu-tools-for-stm32.11.3.rel1.win32_1.1.100.202309141235/tools/bin/../lib/gcc/arm-none-eabi/11.3.1/thumb/v7e-m+fp/hard/crtend.o
LOAD C:/ST/STM32CubeIDE_1.14.1/STM32CubeIDE/plugins/com.st.stm32cube.ide.mcu.externaltools.gnu-tools-for-stm32.11.3.rel1.win32_1.1.100.202309141235/tools/bin/../lib/gcc/arm-none-eabi/11.3.1/thumb/v7e-m+fp/hard/crtn.o
                0x0000000020020000                _estack = (ORIGIN (RAM) + LENGTH (RAM))
                0x0000000000000200                _Min_Heap_Size = 0x200
                0x0000000000000400                _Min_Stack_Size = 0x400

.isr_vector     0x0000000008000000      0x188
                0x0000000008000000                . = ALIGN (0x4)
 *(.isr_vector)
 .isr_vector    0x0000000008000000      0x188 ./Startup/startup_stm32f407vgtx.o
                0x0000000008000000                g_pfnVectors
                0x0000000008000188                . = ALIGN (0x4)

.text           0x0000000008000188      0xcfc
                0x0000000008000188                . = ALIGN (0x4)
 *(.text)
 .text          0x0000000008000188       0x40 C:/ST/STM32CubeIDE_1.14.1/STM32CubeIDE/plugins/com.st.stm32cube.ide.mcu.externaltools.gnu-tools-for-stm32.11.3.rel1.win32_1.1.100.202309141235/tools/bin/../lib/gcc/arm-none-eabi/11.3.1/thumb/v7e-m+fp/hard/crtbegin.o
 .text          0x00000000080001c8       0x10 C:/ST/STM32CubeIDE_1.14.1/STM32CubeIDE/plugins/com.st.stm32cube.ide.mcu.externaltools.gnu-tools-for-stm32.11.3.rel1.win32_1.1.100.202309141235/tools/bin/../lib/gcc/arm-none-eabi/11.3.1/../../../../arm-none-eabi/lib/thumb/v7e-m+fp/hard\libc_nano.a(libc_a-strlen.o)
                0x00000000080001c8                strlen
 *(.text*)
 .text.delay    0x00000000080001d8       0x2c ./Src/006_uart_tx.o
                0x00000000080001d8                delay
 .text.USART2_GPIOInit
                0x0000000008000204       0x4c ./Src/006_uart_tx.o
                0x0000000008000204                USART2_GPIOInit
 .text.USART2_Init
                0x0000000008000250       0x44 ./Src/006_uart_tx.o
                0x0000000008000250                USART2_Init
 .text.GPIO_ButtonInit
                0x0000000008000294       0x64 ./Src/006_uart_tx.o
                0x0000000008000294                GPIO_ButtonInit
 .text.main     0x00000000080002f8       0x5c ./Src/006_uart_tx.o
                0x00000000080002f8                main
 .text.Reset_Handler
                0x0000000008000354       0x50 ./Startup/startup_stm32f407vgtx.o
                0x0000000008000354                Reset_Handler
 .text.Default_Handler
                0x00000000080003a4        0x2 ./Startup/startup_stm32f407vgtx.o
                0x00000000080003a4                RTC_Alarm_IRQHandler
                0x00000000080003a4                HASH_RNG_IRQHandler
                0x00000000080003a4                EXTI2_IRQHandler
                0x00000000080003a4                TIM8_CC_IRQHandler
                0x00000000080003a4                DebugMon_Handler
                0x00000000080003a4                TIM1_CC_IRQHandler
                0x00000000080003a4                DMA2_Stream5_IRQHandler
                0x00000000080003a4                HardFault_Handler
                0x00000000080003a4                DMA1_Stream5_IRQHandler
                0x00000000080003a4                SysTick_Handler
                0x00000000080003a4                PVD_IRQHandler
                0x00000000080003a4                SDIO_IRQHandler
                0x00000000080003a4                TAMP_STAMP_IRQHandler
                0x00000000080003a4                PendSV_Handler
                0x00000000080003a4                NMI_Handler
                0x00000000080003a4                CAN2_RX1_IRQHandler
                0x00000000080003a4                EXTI3_IRQHandler
                0x00000000080003a4                TIM8_TRG_COM_TIM14_IRQHandler
                0x00000000080003a4                TIM1_UP_TIM10_IRQHandler
                0x00000000080003a4                TIM8_UP_TIM13_IRQHandler
                0x00000000080003a4                I2C3_ER_IRQHandler
                0x00000000080003a4                EXTI0_IRQHandler
                0x00000000080003a4                I2C2_EV_IRQHandler
                0x00000000080003a4                DMA1_Stream2_IRQHandler
                0x00000000080003a4                CAN1_RX0_IRQHandler
                0x00000000080003a4                FPU_IRQHandler
                0x00000000080003a4                OTG_HS_WKUP_IRQHandler
                0x00000000080003a4                UsageFault_Handler
                0x00000000080003a4                CAN2_SCE_IRQHandler
                0x00000000080003a4                DMA2_Stream2_IRQHandler
                0x00000000080003a4                SPI1_IRQHandler
                0x00000000080003a4                TIM6_DAC_IRQHandler
                0x00000000080003a4                TIM1_BRK_TIM9_IRQHandler
                0x00000000080003a4                DCMI_IRQHandler
                0x00000000080003a4                CAN2_RX0_IRQHandler
                0x00000000080003a4                DMA2_Stream3_IRQHandler
                0x00000000080003a4                USART6_IRQHandler
                0x00000000080003a4                USART3_IRQHandler
                0x00000000080003a4                CRYP_IRQHandler
                0x00000000080003a4                CAN1_RX1_IRQHandler
                0x00000000080003a4                UART5_IRQHandler
                0x00000000080003a4                DMA2_Stream0_IRQHandler
                0x00000000080003a4                TIM4_IRQHandler
                0x00000000080003a4                I2C1_EV_IRQHandler
                0x00000000080003a4                DMA1_Stream6_IRQHandler
                0x00000000080003a4                DMA1_Stream1_IRQHandler
                0x00000000080003a4                UART4_IRQHandler
                0x00000000080003a4                TIM3_IRQHandler
                0x00000000080003a4                RCC_IRQHandler
                0x00000000080003a4                TIM8_BRK_TIM12_IRQHandler
                0x00000000080003a4                Default_Handler
                0x00000000080003a4                EXTI15_10_IRQHandler
                0x00000000080003a4                ADC_IRQHandler
                0x00000000080003a4                DMA1_Stream7_IRQHandler
                0x00000000080003a4                TIM7_IRQHandler
                0x00000000080003a4                CAN2_TX_IRQHandler
                0x00000000080003a4                TIM5_IRQHandler
                0x00000000080003a4                DMA2_Stream7_IRQHandler
                0x00000000080003a4                I2C3_EV_IRQHandler
                0x00000000080003a4                EXTI9_5_IRQHandler
                0x00000000080003a4                RTC_WKUP_IRQHandler
                0x00000000080003a4                ETH_WKUP_IRQHandler
                0x00000000080003a4                SPI2_IRQHandler
                0x00000000080003a4                OTG_HS_EP1_IN_IRQHandler
                0x00000000080003a4                MemManage_Handler
                0x00000000080003a4                DMA1_Stream0_IRQHandler
                0x00000000080003a4                CAN1_TX_IRQHandler
                0x00000000080003a4                SVC_Handler
                0x00000000080003a4                EXTI4_IRQHandler
                0x00000000080003a4                FSMC_IRQHandler
                0x00000000080003a4                ETH_IRQHandler
                0x00000000080003a4                OTG_HS_EP1_OUT_IRQHandler
                0x00000000080003a4                WWDG_IRQHandler
                0x00000000080003a4                TIM2_IRQHandler
                0x00000000080003a4                OTG_FS_WKUP_IRQHandler
                0x00000000080003a4                TIM1_TRG_COM_TIM11_IRQHandler
                0x00000000080003a4                OTG_HS_IRQHandler
                0x00000000080003a4                EXTI1_IRQHandler
                0x00000000080003a4                USART2_IRQHandler
                0x00000000080003a4                I2C2_ER_IRQHandler
                0x00000000080003a4                DMA2_Stream1_IRQHandler
                0x00000000080003a4                CAN1_SCE_IRQHandler
                0x00000000080003a4                DMA2_Stream4_IRQHandler
                0x00000000080003a4                BusFault_Handler
                0x00000000080003a4                USART1_IRQHandler
                0x00000000080003a4                OTG_FS_IRQHandler
                0x00000000080003a4                SPI3_IRQHandler
                0x00000000080003a4                DMA1_Stream4_IRQHandler
                0x00000000080003a4                I2C1_ER_IRQHandler
                0x00000000080003a4                DMA2_Stream6_IRQHandler
                0x00000000080003a4                DMA1_Stream3_IRQHandler
 *fill*         0x00000000080003a6        0x2 
 .text.GPIO_PeriClockControl
                0x00000000080003a8      0x1d0 ./drivers/Src/stm32f407xx_gpio.o
                0x00000000080003a8                GPIO_PeriClockControl
 .text.GPIO_Init
                0x0000000008000578      0x340 ./drivers/Src/stm32f407xx_gpio.o
                0x0000000008000578                GPIO_Init
 .text.GPIO_ReadFromInputPin
                0x00000000080008b8       0x2c ./drivers/Src/stm32f407xx_gpio.o
                0x00000000080008b8                GPIO_ReadFromInputPin
 .text.GPIO_ToggleOutputPin
                0x00000000080008e4       0x2a ./drivers/Src/stm32f407xx_gpio.o
                0x00000000080008e4                GPIO_ToggleOutputPin
 *fill*         0x000000000800090e        0x2 
 .text.RCC_GetPCLK1Value
                0x0000000008000910       0xb0 ./drivers/Src/stm32f407xx_rcc.o
                0x0000000008000910                RCC_GetPCLK1Value
 .text.RCC_GetPCLK2Value
                0x00000000080009c0       0xb0 ./drivers/Src/stm32f407xx_rcc.o
                0x00000000080009c0                RCC_GetPCLK2Value
 .text.RCC_GetPLLOutputClock
                0x0000000008000a70       0x10 ./drivers/Src/stm32f407xx_rcc.o
                0x0000000008000a70                RCC_GetPLLOutputClock
 .text.USART_PeriClockControl
                0x0000000008000a80       0xbc ./drivers/Src/stm32f407xx_usart.o
                0x0000000008000a80                USART_PeriClockControl
 .text.USART_SetBaudRate
                0x0000000008000b3c       0xec ./drivers/Src/stm32f407xx_usart.o
                0x0000000008000b3c                USART_SetBaudRate
 .text.USART_Init
                0x0000000008000c28       0xfe ./drivers/Src/stm32f407xx_usart.o
                0x0000000008000c28                USART_Init
 .text.USART_GetFlagStatus
                0x0000000008000d26       0x2a ./drivers/Src/stm32f407xx_usart.o
                0x0000000008000d26                USART_GetFlagStatus
 .text.USART_PeripheralControl
                0x0000000008000d50       0x38 ./drivers/Src/stm32f407xx_usart.o
                0x0000000008000d50                USART_PeripheralControl
 .text.USART_SendData
                0x0000000008000d88       0x9c ./drivers/Src/stm32f407xx_usart.o
                0x0000000008000d88                USART_SendData
 .text.__libc_init_array
                0x0000000008000e24       0x48 C:/ST/STM32CubeIDE_1.14.1/STM32CubeIDE/plugins/com.st.stm32cube.ide.mcu.externaltools.gnu-tools-for-stm32.11.3.rel1.win32_1.1.100.202309141235/tools/bin/../lib/gcc/arm-none-eabi/11.3.1/../../../../arm-none-eabi/lib/thumb/v7e-m+fp/hard\libc_nano.a(libc_a-init.o)
                0x0000000008000e24                __libc_init_array
 *(.glue_7)
 .glue_7        0x0000000008000e6c        0x0 linker stubs
 *(.glue_7t)
 .glue_7t       0x0000000008000e6c        0x0 linker stubs
 *(.eh_frame)
 .eh_frame      0x0000000008000e6c        0x0 C:/ST/STM32CubeIDE_1.14.1/STM32CubeIDE/plugins/com.st.stm32cube.ide.mcu.externaltools.gnu-tools-for-stm32.11.3.rel1.win32_1.1.100.202309141235/tools/bin/../lib/gcc/arm-none-eabi/11.3.1/thumb/v7e-m+fp/hard/crtbegin.o
 *(.init)
 .init          0x0000000008000e6c        0x4 C:/ST/STM32CubeIDE_1.14.1/STM32CubeIDE/plugins/com.st.stm32cube.ide.mcu.externaltools.gnu-tools-for-stm32.11.3.rel1.win32_1.1.100.202309141235/tools/bin/../lib/gcc/arm-none-eabi/11.3.1/thumb/v7e-m+fp/hard/crti.o
                0x0000000008000e6c                _init
 .init          0x0000000008000e70        0x8 C:/ST/STM32CubeIDE_1.14.1/STM32CubeIDE/plugins/com.st.stm32cube.ide.mcu.externaltools.gnu-tools-for-stm32.11.3.rel1.win32_1.1.100.202309141235/tools/bin/../lib/gcc/arm-none-eabi/11.3.1/thumb/v7e-m+fp/hard/crtn.o
 *(.fini)
 .fini          0x0000000008000e78        0x4 C:/ST/STM32CubeIDE_1.14.1/STM32CubeIDE/plugins/com.st.stm32cube.ide.mcu.externaltools.gnu-tools-for-stm32.11.3.rel1.win32_1.1.100.202309141235/tools/bin/../lib/gcc/arm-none-eabi/11.3.1/thumb/v7e-m+fp/hard/crti.o
                0x0000000008000e78                _fini
 .fini          0x0000000008000e7c        0x8 C:/ST/STM32CubeIDE_1.14.1/STM32CubeIDE/plugins/com.st.stm32cube.ide.mcu.externaltools.gnu-tools-for-stm32.11.3.rel1.win32_1.1.100.202309141235/tools/bin/../lib/gcc/arm-none-eabi/11.3.1/thumb/v7e-m+fp/hard/crtn.o
                0x0000000008000e84                . = ALIGN (0x4)
                0x0000000008000e84                _etext = .

.vfp11_veneer   0x0000000008000e84        0x0
 .vfp11_veneer  0x0000000008000e84        0x0 linker stubs

.v4_bx          0x0000000008000e84        0x0
 .v4_bx         0x0000000008000e84        0x0 linker stubs

.iplt           0x0000000008000e84        0x0
 .iplt          0x0000000008000e84        0x0 C:/ST/STM32CubeIDE_1.14.1/STM32CubeIDE/plugins/com.st.stm32cube.ide.mcu.externaltools.gnu-tools-for-stm32.11.3.rel1.win32_1.1.100.202309141235/tools/bin/../lib/gcc/arm-none-eabi/11.3.1/thumb/v7e-m+fp/hard/crtbegin.o

.rel.dyn        0x0000000008000e84        0x0
 .rel.iplt      0x0000000008000e84        0x0 C:/ST/STM32CubeIDE_1.14.1/STM32CubeIDE/plugins/com.st.stm32cube.ide.mcu.externaltools.gnu-tools-for-stm32.11.3.rel1.win32_1.1.100.202309141235/tools/bin/../lib/gcc/arm-none-eabi/11.3.1/thumb/v7e-m+fp/hard/crtbegin.o

.rodata         0x0000000008000e84        0x0
                0x0000000008000e84                . = ALIGN (0x4)
 *(.rodata)
 *(.rodata*)
                0x0000000008000e84                . = ALIGN (0x4)

.ARM.extab      0x0000000008000e84        0x0
                0x0000000008000e84                . = ALIGN (0x4)
 *(.ARM.extab* .gnu.linkonce.armextab.*)
                0x0000000008000e84                . = ALIGN (0x4)

.ARM            0x0000000008000e84        0x0
                0x0000000008000e84                . = ALIGN (0x4)
                0x0000000008000e84                __exidx_start = .
 *(.ARM.exidx*)
                0x0000000008000e84                __exidx_end = .
                0x0000000008000e84                . = ALIGN (0x4)

.preinit_array  0x0000000008000e84        0x0
                0x0000000008000e84                . = ALIGN (0x4)
                0x0000000008000e84                PROVIDE (__preinit_array_start = .)
 *(.preinit_array*)
                0x0000000008000e84                PROVIDE (__preinit_array_end = .)
                0x0000000008000e84                . = ALIGN (0x4)

.init_array     0x0000000008000e84        0x4
                0x0000000008000e84                . = ALIGN (0x4)
                0x0000000008000e84                PROVIDE (__init_array_start = .)
 *(SORT_BY_NAME(.init_array.*))
 *(.init_array*)
 .init_array    0x0000000008000e84        0x4 C:/ST/STM32CubeIDE_1.14.1/STM32CubeIDE/plugins/com.st.stm32cube.ide.mcu.externaltools.gnu-tools-for-stm32.11.3.rel1.win32_1.1.100.202309141235/tools/bin/../lib/gcc/arm-none-eabi/11.3.1/thumb/v7e-m+fp/hard/crtbegin.o
                0x0000000008000e88                PROVIDE (__init_array_end = .)
                0x0000000008000e88                . = ALIGN (0x4)

.fini_array     0x0000000008000e88        0x4
                0x0000000008000e88                . = ALIGN (0x4)
                [!provide]                        PROVIDE (__fini_array_start = .)
 *(SORT_BY_NAME(.fini_array.*))
 *(.fini_array*)
 .fini_array    0x0000000008000e88        0x4 C:/ST/STM32CubeIDE_1.14.1/STM32CubeIDE/plugins/com.st.stm32cube.ide.mcu.externaltools.gnu-tools-for-stm32.11.3.rel1.win32_1.1.100.202309141235/tools/bin/../lib/gcc/arm-none-eabi/11.3.1/thumb/v7e-m+fp/hard/crtbegin.o
                [!provide]                        PROVIDE (__fini_array_end = .)
                0x0000000008000e8c                . = ALIGN (0x4)
                0x0000000008000e8c                _sidata = LOADADDR (.data)

.data           0x0000000020000000      0x418 load address 0x0000000008000e8c
                0x0000000020000000                . = ALIGN (0x4)
                0x0000000020000000                _sdata = .
 *(.data)
 *(.data*)
 .data.msg      0x0000000020000000      0x400 ./Src/006_uart_tx.o
                0x0000000020000000                msg
 .data.AHB_PreScaler
                0x0000000020000400       0x10 ./drivers/Src/stm32f407xx_rcc.o
                0x0000000020000400                AHB_PreScaler
 .data.APB1_PreScaler
                0x0000000020000410        0x4 ./drivers/Src/stm32f407xx_rcc.o
                0x0000000020000410                APB1_PreScaler
 .data.APB2_PreScaler
                0x0000000020000414        0x4 ./drivers/Src/stm32f407xx_rcc.o
                0x0000000020000414                APB2_PreScaler
 *(.RamFunc)
 *(.RamFunc*)
                0x0000000020000418                . = ALIGN (0x4)
                0x0000000020000418                _edata = .
                0x00000000080012a4                _siccmram = LOADADDR (.ccmram)

.igot.plt       0x0000000020000418        0x0 load address 0x00000000080012a4
 .igot.plt      0x0000000020000418        0x0 C:/ST/STM32CubeIDE_1.14.1/STM32CubeIDE/plugins/com.st.stm32cube.ide.mcu.externaltools.gnu-tools-for-stm32.11.3.rel1.win32_1.1.100.202309141235/tools/bin/../lib/gcc/arm-none-eabi/11.3.1/thumb/v7e-m+fp/hard/crtbegin.o

.ccmram         0x0000000010000000        0x0 load address 0x00000000080012a4
                0x0000000010000000                . = ALIGN (0x4)
                0x0000000010000000                _sccmram = .
 *(.ccmram)
 *(.ccmram*)
                0x0000000010000000                . = ALIGN (0x4)
                0x0000000010000000                _eccmram = .
                0x0000000010000000                . = ALIGN (0x4)

.bss            0x0000000020000418       0x40
                0x0000000020000418                _sbss = .
                0x0000000020000418                __bss_start__ = _sbss
 *(.bss)
 .bss           0x0000000020000418       0x1c C:/ST/STM32CubeIDE_1.14.1/STM32CubeIDE/plugins/com.st.stm32cube.ide.mcu.externaltools.gnu-tools-for-stm32.11.3.rel1.win32_1.1.100.202309141235/tools/bin/../lib/gcc/arm-none-eabi/11.3.1/thumb/v7e-m+fp/hard/crtbegin.o
 *(.bss*)
 .bss.usart2_handle
                0x0000000020000434       0x24 ./Src/006_uart_tx.o
                0x0000000020000434                usart2_handle
 *(COMMON)
                0x0000000020000458                . = ALIGN (0x4)
                0x0000000020000458                _ebss = .
                0x0000000020000458                __bss_end__ = _ebss

._user_heap_stack
                0x0000000020000458      0x600
                0x0000000020000458                . = ALIGN (0x8)
                [!provide]                        PROVIDE (end = .)
                0x0000000020000458                PROVIDE (_end = .)
                0x0000000020000658                . = (. + _Min_Heap_Size)
 *fill*         0x0000000020000458      0x200 
                0x0000000020000a58                . = (. + _Min_Stack_Size)
 *fill*         0x0000000020000658      0x400 
                0x0000000020000a58                . = ALIGN (0x8)

/DISCARD/
 libc.a(*)
 libm.a(*)
 libgcc.a(*)

.ARM.attributes
                0x0000000000000000       0x30
 *(.ARM.attributes)
 .ARM.attributes
                0x0000000000000000       0x1e C:/ST/STM32CubeIDE_1.14.1/STM32CubeIDE/plugins/com.st.stm32cube.ide.mcu.externaltools.gnu-tools-for-stm32.11.3.rel1.win32_1.1.100.202309141235/tools/bin/../lib/gcc/arm-none-eabi/11.3.1/thumb/v7e-m+fp/hard/crti.o
 .ARM.attributes
                0x000000000000001e       0x34 C:/ST/STM32CubeIDE_1.14.1/STM32CubeIDE/plugins/com.st.stm32cube.ide.mcu.externaltools.gnu-tools-for-stm32.11.3.rel1.win32_1.1.100.202309141235/tools/bin/../lib/gcc/arm-none-eabi/11.3.1/thumb/v7e-m+fp/hard/crtbegin.o
 .ARM.attributes
                0x0000000000000052       0x34 ./Src/006_uart_tx.o
 .ARM.attributes
                0x0000000000000086       0x21 ./Startup/startup_stm32f407vgtx.o
 .ARM.attributes
                0x00000000000000a7       0x34 ./drivers/Src/stm32f407xx_gpio.o
 .ARM.attributes
                0x00000000000000db       0x34 ./drivers/Src/stm32f407xx_rcc.o
 .ARM.attributes
                0x000000000000010f       0x34 ./drivers/Src/stm32f407xx_usart.o
 .ARM.attributes
                0x0000000000000143       0x34 C:/ST/STM32CubeIDE_1.14.1/STM32CubeIDE/plugins/com.st.stm32cube.ide.mcu.externaltools.gnu-tools-for-stm32.11.3.rel1.win32_1.1.100.202309141235/tools/bin/../lib/gcc/arm-none-eabi/11.3.1/../../../../arm-none-eabi/lib/thumb/v7e-m+fp/hard\libc_nano.a(libc_a-init.o)
 .ARM.attributes
                0x0000000000000177       0x17 C:/ST/STM32CubeIDE_1.14.1/STM32CubeIDE/plugins/com.st.stm32cube.ide.mcu.externaltools.gnu-tools-for-stm32.11.3.rel1.win32_1.1.100.202309141235/tools/bin/../lib/gcc/arm-none-eabi/11.3.1/../../../../arm-none-eabi/lib/thumb/v7e-m+fp/hard\libc_nano.a(libc_a-strlen.o)
 .ARM.attributes
                0x000000000000018e       0x1e C:/ST/STM32CubeIDE_1.14.1/STM32CubeIDE/plugins/com.st.stm32cube.ide.mcu.externaltools.gnu-tools-for-stm32.11.3.rel1.win32_1.1.100.202309141235/tools/bin/../lib/gcc/arm-none-eabi/11.3.1/thumb/v7e-m+fp/hard/crtn.o
OUTPUT(STM32F407xx-Drivers.elf elf32-littlearm)
LOAD linker stubs
LOAD C:/ST/STM32CubeIDE_1.14.1/STM32CubeIDE/plugins/com.st.stm32cube.ide.mcu.externaltools.gnu-tools-for-stm32.11.3.rel1.win32_1.1.100.202309141235/tools/bin/../lib/gcc/arm-none-eabi/11.3.1/../../../../arm-none-eabi/lib/thumb/v7e-m+fp/hard\libc.a
LOAD C:/ST/STM32CubeIDE_1.14.1/STM32CubeIDE/plugins/com.st.stm32cube.ide.mcu.externaltools.gnu-tools-for-stm32.11.3.rel1.win32_1.1.100.202309141235/tools/bin/../lib/gcc/arm-none-eabi/11.3.1/../../../../arm-none-eabi/lib/thumb/v7e-m+fp/hard\libm.a
LOAD C:/ST/STM32CubeIDE_1.14.1/STM32CubeIDE/plugins/com.st.stm32cube.ide.mcu.externaltools.gnu-tools-for-stm32.11.3.rel1.win32_1.1.100.202309141235/tools/bin/../lib/gcc/arm-none-eabi/11.3.1/thumb/v7e-m+fp/hard\libgcc.a

.comment        0x0000000000000000       0x43
 .comment       0x0000000000000000       0x43 C:/ST/STM32CubeIDE_1.14.1/STM32CubeIDE/plugins/com.st.stm32cube.ide.mcu.externaltools.gnu-tools-for-stm32.11.3.rel1.win32_1.1.100.202309141235/tools/bin/../lib/gcc/arm-none-eabi/11.3.1/thumb/v7e-m+fp/hard/crtbegin.o
                                         0x44 (size before relaxing)
 .comment       0x0000000000000043       0x44 ./Src/006_uart_tx.o
 .comment       0x0000000000000043       0x44 ./drivers/Src/stm32f407xx_gpio.o
 .comment       0x0000000000000043       0x44 ./drivers/Src/stm32f407xx_rcc.o
 .comment       0x0000000000000043       0x44 ./drivers/Src/stm32f407xx_usart.o

.debug_info     0x0000000000000000     0x1804
 .debug_info    0x0000000000000000      0x4e4 ./Src/006_uart_tx.o
 .debug_info    0x00000000000004e4       0x23 ./Startup/startup_stm32f407vgtx.o
 .debug_info    0x0000000000000507      0x73d ./drivers/Src/stm32f407xx_gpio.o
 .debug_info    0x0000000000000c44      0x3a3 ./drivers/Src/stm32f407xx_rcc.o
 .debug_info    0x0000000000000fe7      0x81d ./drivers/Src/stm32f407xx_usart.o

.debug_abbrev   0x0000000000000000      0x5e8
 .debug_abbrev  0x0000000000000000      0x191 ./Src/006_uart_tx.o
 .debug_abbrev  0x0000000000000191       0x12 ./Startup/startup_stm32f407vgtx.o
 .debug_abbrev  0x00000000000001a3      0x15f ./drivers/Src/stm32f407xx_gpio.o
 .debug_abbrev  0x0000000000000302      0x101 ./drivers/Src/stm32f407xx_rcc.o
 .debug_abbrev  0x0000000000000403      0x1e5 ./drivers/Src/stm32f407xx_usart.o

.debug_aranges  0x0000000000000000      0x198
 .debug_aranges
                0x0000000000000000       0x40 ./Src/006_uart_tx.o
 .debug_aranges
                0x0000000000000040       0x28 ./Startup/startup_stm32f407vgtx.o
 .debug_aranges
                0x0000000000000068       0x70 ./drivers/Src/stm32f407xx_gpio.o
 .debug_aranges
                0x00000000000000d8       0x30 ./drivers/Src/stm32f407xx_rcc.o
 .debug_aranges
                0x0000000000000108       0x90 ./drivers/Src/stm32f407xx_usart.o

.debug_rnglists
                0x0000000000000000      0x127
 .debug_rnglists
                0x0000000000000000       0x2b ./Src/006_uart_tx.o
 .debug_rnglists
                0x000000000000002b       0x19 ./Startup/startup_stm32f407vgtx.o
 .debug_rnglists
                0x0000000000000044       0x53 ./drivers/Src/stm32f407xx_gpio.o
 .debug_rnglists
                0x0000000000000097       0x21 ./drivers/Src/stm32f407xx_rcc.o
 .debug_rnglists
                0x00000000000000b8       0x6f ./drivers/Src/stm32f407xx_usart.o

.debug_macro    0x0000000000000000     0x2b6f
 .debug_macro   0x0000000000000000      0x1be ./Src/006_uart_tx.o
 .debug_macro   0x00000000000001be      0xaae ./Src/006_uart_tx.o
 .debug_macro   0x0000000000000c6c       0x22 ./Src/006_uart_tx.o
 .debug_macro   0x0000000000000c8e       0x5b ./Src/006_uart_tx.o
 .debug_macro   0x0000000000000ce9       0x2a ./Src/006_uart_tx.o
 .debug_macro   0x0000000000000d13       0x94 ./Src/006_uart_tx.o
 .debug_macro   0x0000000000000da7       0x43 ./Src/006_uart_tx.o
 .debug_macro   0x0000000000000dea       0x34 ./Src/006_uart_tx.o
 .debug_macro   0x0000000000000e1e       0x16 ./Src/006_uart_tx.o
 .debug_macro   0x0000000000000e34       0x57 ./Src/006_uart_tx.o
 .debug_macro   0x0000000000000e8b       0x97 ./Src/006_uart_tx.o
 .debug_macro   0x0000000000000f22      0x369 ./Src/006_uart_tx.o
 .debug_macro   0x000000000000128b       0xfd ./Src/006_uart_tx.o
 .debug_macro   0x0000000000001388       0x10 ./Src/006_uart_tx.o
 .debug_macro   0x0000000000001398       0x16 ./Src/006_uart_tx.o
 .debug_macro   0x00000000000013ae       0x43 ./Src/006_uart_tx.o
 .debug_macro   0x00000000000013f1       0x34 ./Src/006_uart_tx.o
 .debug_macro   0x0000000000001425       0x10 ./Src/006_uart_tx.o
 .debug_macro   0x0000000000001435       0x58 ./Src/006_uart_tx.o
 .debug_macro   0x000000000000148d       0x8e ./Src/006_uart_tx.o
 .debug_macro   0x000000000000151b       0x1c ./Src/006_uart_tx.o
 .debug_macro   0x0000000000001537      0x177 ./Src/006_uart_tx.o
 .debug_macro   0x00000000000016ae       0x16 ./Src/006_uart_tx.o
 .debug_macro   0x00000000000016c4       0x16 ./Src/006_uart_tx.o
 .debug_macro   0x00000000000016da      0x147 ./Src/006_uart_tx.o
 .debug_macro   0x0000000000001821       0x16 ./Src/006_uart_tx.o
 .debug_macro   0x0000000000001837       0x35 ./Src/006_uart_tx.o
 .debug_macro   0x000000000000186c       0x20 ./Src/006_uart_tx.o
 .debug_macro   0x000000000000188c      0x103 ./Src/006_uart_tx.o
 .debug_macro   0x000000000000198f       0x6a ./Src/006_uart_tx.o
 .debug_macro   0x00000000000019f9      0x1df ./Src/006_uart_tx.o
 .debug_macro   0x0000000000001bd8      0x78d ./Src/006_uart_tx.o
 .debug_macro   0x0000000000002365       0xc4 ./Src/006_uart_tx.o
 .debug_macro   0x0000000000002429       0xb2 ./Src/006_uart_tx.o
 .debug_macro   0x00000000000024db       0xd6 ./Src/006_uart_tx.o
 .debug_macro   0x00000000000025b1      0x108 ./Src/006_uart_tx.o
 .debug_macro   0x00000000000026b9       0xb9 ./drivers/Src/stm32f407xx_gpio.o
 .debug_macro   0x0000000000002772       0x8e ./drivers/Src/stm32f407xx_gpio.o
 .debug_macro   0x0000000000002800       0x51 ./drivers/Src/stm32f407xx_gpio.o
 .debug_macro   0x0000000000002851       0xac ./drivers/Src/stm32f407xx_gpio.o
 .debug_macro   0x00000000000028fd       0xb3 ./drivers/Src/stm32f407xx_rcc.o
 .debug_macro   0x00000000000029b0       0xbd ./drivers/Src/stm32f407xx_usart.o
 .debug_macro   0x0000000000002a6d      0x102 ./drivers/Src/stm32f407xx_usart.o

.debug_line     0x0000000000000000     0x2475
 .debug_line    0x0000000000000000      0x776 ./Src/006_uart_tx.o
 .debug_line    0x0000000000000776       0x7b ./Startup/startup_stm32f407vgtx.o
 .debug_line    0x00000000000007f1      0xa7c ./drivers/Src/stm32f407xx_gpio.o
 .debug_line    0x000000000000126d      0x5eb ./drivers/Src/stm32f407xx_rcc.o
 .debug_line    0x0000000000001858      0xc1d ./drivers/Src/stm32f407xx_usart.o

.debug_str      0x0000000000000000     0xac7f
 .debug_str     0x0000000000000000     0xa7b0 ./Src/006_uart_tx.o
                                       0xa9bd (size before relaxing)
 .debug_str     0x000000000000a7b0       0x2f ./Startup/startup_stm32f407vgtx.o
                                         0x94 (size before relaxing)
 .debug_str     0x000000000000a7df      0x272 ./drivers/Src/stm32f407xx_gpio.o
                                       0x6fce (size before relaxing)
 .debug_str     0x000000000000aa51       0xb5 ./drivers/Src/stm32f407xx_rcc.o
                                       0x6e09 (size before relaxing)
 .debug_str     0x000000000000ab06      0x179 ./drivers/Src/stm32f407xx_usart.o
                                       0x7050 (size before relaxing)

.debug_frame    0x0000000000000000      0x57c
 .debug_frame   0x0000000000000000       0xb8 ./Src/006_uart_tx.o
 .debug_frame   0x00000000000000b8      0x1c8 ./drivers/Src/stm32f407xx_gpio.o
 .debug_frame   0x0000000000000280       0x78 ./drivers/Src/stm32f407xx_rcc.o
 .debug_frame   0x00000000000002f8      0x258 ./drivers/Src/stm32f407xx_usart.o
 .debug_frame   0x0000000000000550       0x2c C:/ST/STM32CubeIDE_1.14.1/STM32CubeIDE/plugins/com.st.stm32cube.ide.mcu.externaltools.gnu-tools-for-stm32.11.3.rel1.win32_1.1.100.202309141235/tools/bin/../lib/gcc/arm-none-eabi/11.3.1/../../../../arm-none-eabi/lib/thumb/v7e-m+fp/hard\libc_nano.a(libc_a-init.o)

.debug_line_str
                0x0000000000000000       0x88
 .debug_line_str
                0x0000000000000000       0x88 ./Startup/startup_stm32f407vgtx.o
                                         0xa0 (size before relaxing)
